./travis/test/elfso.asm:83: warning: label `.end' alone on a line without a colon might be in error [-w+label-orphan]
